// Jest Snapshot v1, https://goo.gl/fbAQLP

exports[`DocumentViewer renders correctly the structure 1`] = `
<div
  className="widget-document-viewer"
  style={
    Object {
      "position": "relative",
    }
  }
>
  <object
    className="widget-document-viewer-content"
    data="http://localhost/sample.pdf"
    style={
      Object {
        "position": "absolute",
      }
    }
    type="application/pdf"
  >
    <p>
      We having issues with preview of the current file. Please download the file to view it:Â 
      <a
        href="http://localhost/sample.pdf"
      >
        Download
      </a>
    </p>
  </object>
</div>
`;
